../Core/Src/main.c:124:6:HAL_GPIO_EXTI_Callback	16	static
../Core/Src/main.c:132:6:HAL_I2C_MemRxCpltCallback	16	static
../Core/Src/main.c:148:5:main	8	static
../Core/Src/main.c:246:6:SystemClock_Config	96	static
../Core/Src/main.c:307:13:MX_I2C1_Init	8	static
../Core/Src/main.c:355:13:MX_USART2_UART_Init	8	static
../Core/Src/main.c:388:13:MX_DMA_Init	16	static
../Core/Src/main.c:409:13:MX_GPIO_Init	40	static
../Core/Src/main.c:460:6:BlinkLEDTask	16	static
../Core/Src/main.c:484:6:LogOutputTask	16	static
../Core/Src/main.c:509:6:ReadIMUTask	16	static
../Core/Src/main.c:536:6:HAL_TIM_PeriodElapsedCallback	16	static
../Core/Src/main.c:553:6:Error_Handler	8	static,ignoring_inline_asm
